2025-07-08 15:35:11 [INFO] SUCCESS: Stock price polling
2025-07-08 15:35:11 [INFO] SUCCESS: Message published to Redis
2025-07-08 15:35:11 [INFO] SUCCESS: Email notification sent
2025-07-08 15:35:11 [INFO] SUCCESS: Message processed
2025-07-08 15:36:54 [INFO] SUCCESS: Stock price polling
2025-07-08 15:36:54 [INFO] SUCCESS: Message published to Redis
2025-07-08 15:36:54 [INFO] SUCCESS: Email notification sent
2025-07-08 15:36:54 [INFO] SUCCESS: Message processed
2025-07-08 15:37:54 [INFO] SUCCESS: Stock price polling
2025-07-08 15:37:54 [INFO] SUCCESS: Message published to Redis
2025-07-08 15:37:54 [INFO] SUCCESS: Email notification sent
2025-07-08 15:37:54 [INFO] SUCCESS: Message processed
2025-07-08 15:38:54 [INFO] SUCCESS: Stock price polling
2025-07-08 15:38:54 [INFO] SUCCESS: Message published to Redis
2025-07-08 15:38:54 [INFO] SUCCESS: Email notification sent
2025-07-08 15:38:54 [INFO] SUCCESS: Message processed
2025-07-08 15:39:54 [INFO] SUCCESS: Stock price polling
2025-07-08 15:39:54 [INFO] SUCCESS: Message published to Redis
2025-07-08 15:39:54 [INFO] SUCCESS: Email notification sent
2025-07-08 15:39:54 [INFO] SUCCESS: Message processed
2025-07-08 15:41:38 [INFO] SUCCESS: Stock price polling
2025-07-08 15:41:38 [INFO] SUCCESS: Message published to Redis
2025-07-08 15:41:38 [INFO] SUCCESS: Email notification sent
2025-07-08 15:41:38 [INFO] SUCCESS: Message processed
2025-07-08 15:44:01 [INFO] SUCCESS: Stock price polling
2025-07-08 15:44:01 [INFO] SUCCESS: Message published to Redis
2025-07-08 15:44:01 [INFO] SUCCESS: Email notification sent
2025-07-08 15:44:01 [INFO] SUCCESS: Message processed
2025-07-08 15:45:15 [INFO] SUCCESS: Stock price polling
2025-07-08 15:45:15 [INFO] SUCCESS: Message published to Redis
2025-07-08 15:45:15 [INFO] SUCCESS: Email notification sent
2025-07-08 15:45:15 [INFO] SUCCESS: Message processed
2025-07-08 15:46:59 [INFO] SUCCESS: Stock price polling
2025-07-08 15:46:59 [INFO] SUCCESS: Message published to Redis
2025-07-08 15:46:59 [INFO] SUCCESS: Email notification sent
2025-07-08 15:46:59 [INFO] SUCCESS: Message processed
2025-07-08 15:47:59 [INFO] SUCCESS: Stock price polling
2025-07-08 15:47:59 [INFO] SUCCESS: Message published to Redis
2025-07-08 15:47:59 [INFO] SUCCESS: Email notification sent
2025-07-08 15:47:59 [INFO] SUCCESS: Message processed
2025-07-08 15:48:59 [INFO] SUCCESS: Stock price polling
2025-07-08 15:48:59 [INFO] SUCCESS: Message published to Redis
2025-07-08 15:48:59 [INFO] SUCCESS: Email notification sent
2025-07-08 15:48:59 [INFO] SUCCESS: Message processed
2025-07-08 15:49:59 [INFO] SUCCESS: Stock price polling
2025-07-08 15:49:59 [INFO] SUCCESS: Message published to Redis
2025-07-08 15:49:59 [INFO] SUCCESS: Email notification sent
2025-07-08 15:49:59 [INFO] SUCCESS: Message processed
2025-07-08 15:50:59 [INFO] SUCCESS: Stock price polling
2025-07-08 15:50:59 [INFO] SUCCESS: Message published to Redis
2025-07-08 15:50:59 [INFO] SUCCESS: Message processed
2025-07-08 15:51:59 [INFO] SUCCESS: Stock price polling
2025-07-08 15:51:59 [INFO] SUCCESS: Message published to Redis
2025-07-08 15:51:59 [INFO] SUCCESS: Email notification sent
2025-07-08 15:51:59 [INFO] SUCCESS: Message processed
2025-07-08 15:52:59 [INFO] SUCCESS: Stock price polling
2025-07-08 15:52:59 [INFO] SUCCESS: Message published to Redis
2025-07-08 15:52:59 [INFO] SUCCESS: Email notification sent
2025-07-08 15:52:59 [INFO] SUCCESS: Message processed
2025-07-08 15:53:59 [INFO] SUCCESS: Stock price polling
2025-07-08 15:53:59 [INFO] SUCCESS: Message published to Redis
2025-07-08 15:53:59 [INFO] SUCCESS: Email notification sent
2025-07-08 15:53:59 [INFO] SUCCESS: Message processed
2025-07-08 15:56:14 [INFO] SUCCESS: Stock price polling
2025-07-08 15:56:14 [INFO] SUCCESS: Message published to Redis
2025-07-08 15:56:14 [INFO] SUCCESS: Email notification stage successful
2025-07-08 15:56:14 [INFO] SUCCESS: Message processed
2025-07-08 15:57:13 [INFO] SUCCESS: Stock price polling
2025-07-08 15:57:13 [INFO] SUCCESS: Message published to Redis
2025-07-08 15:57:13 [INFO] SUCCESS: Email notification stage successful
2025-07-08 15:57:13 [INFO] SUCCESS: Message processed
2025-07-08 15:58:13 [INFO] SUCCESS: Stock price polling
2025-07-08 15:58:13 [INFO] SUCCESS: Message published to Redis
2025-07-08 15:58:13 [INFO] SUCCESS: Email notification stage successful
2025-07-08 15:58:13 [INFO] SUCCESS: Message processed
2025-07-08 16:01:26 [INFO] SUCCESS: Stock price polling
2025-07-08 16:01:26 [INFO] SUCCESS: Message published to Redis
2025-07-08 16:01:26 [INFO] SUCCESS: Email notification stage successful
2025-07-08 16:01:26 [INFO] SUCCESS: Message processed
2025-07-08 16:02:26 [INFO] SUCCESS: Stock price polling
2025-07-08 16:02:26 [INFO] SUCCESS: Message published to Redis
2025-07-08 16:02:26 [INFO] SUCCESS: Email notification stage successful
2025-07-08 16:02:26 [INFO] SUCCESS: Message processed
2025-07-08 16:03:26 [INFO] SUCCESS: Stock price polling
2025-07-08 16:03:26 [INFO] SUCCESS: Message published to Redis
2025-07-08 16:03:26 [INFO] SUCCESS: Email notification stage successful
2025-07-08 16:03:26 [INFO] SUCCESS: Message processed
2025-07-08 16:04:26 [INFO] SUCCESS: Stock price polling
2025-07-08 16:04:26 [INFO] SUCCESS: Message published to Redis
2025-07-08 16:04:26 [INFO] SUCCESS: Email notification stage successful
2025-07-08 16:04:26 [INFO] SUCCESS: Message processed
2025-07-08 16:05:26 [INFO] SUCCESS: Stock price polling
2025-07-08 16:05:26 [INFO] SUCCESS: Message published to Redis
2025-07-08 16:05:26 [INFO] SUCCESS: Message processed
2025-07-08 16:06:26 [INFO] SUCCESS: Stock price polling
2025-07-08 16:06:26 [INFO] SUCCESS: Message published to Redis
2025-07-08 16:06:26 [INFO] SUCCESS: Email notification stage successful
2025-07-08 16:06:26 [INFO] SUCCESS: Message processed
2025-07-08 16:07:26 [INFO] SUCCESS: Stock price polling
2025-07-08 16:07:26 [INFO] SUCCESS: Message published to Redis
2025-07-08 16:07:26 [INFO] SUCCESS: Email notification stage successful
2025-07-08 16:07:26 [INFO] SUCCESS: Message processed
2025-07-08 16:08:26 [INFO] SUCCESS: Stock price polling
2025-07-08 16:08:26 [INFO] SUCCESS: Message published to Redis
2025-07-08 16:08:26 [INFO] SUCCESS: Email notification stage successful
2025-07-08 16:08:26 [INFO] SUCCESS: Message processed
2025-07-08 16:09:26 [INFO] SUCCESS: Stock price polling
2025-07-08 16:09:26 [INFO] SUCCESS: Message published to Redis
2025-07-08 16:09:26 [INFO] SUCCESS: Email notification stage successful
2025-07-08 16:09:26 [INFO] SUCCESS: Message processed
2025-07-08 16:10:26 [INFO] SUCCESS: Stock price polling
2025-07-08 16:10:26 [INFO] SUCCESS: Message published to Redis
2025-07-08 16:10:26 [INFO] SUCCESS: Email notification stage successful
2025-07-08 16:10:26 [INFO] SUCCESS: Message processed
2025-07-08 16:15:27 [INFO] SUCCESS: Stock price polling
2025-07-08 16:15:27 [INFO] SUCCESS: Message published to Redis
2025-07-08 16:15:27 [INFO] SUCCESS: Email notification stage successful, emails sent=0, emails not sent (price change not within user set threshold or stock not supported by FinnHub API):1
2025-07-08 16:15:27 [INFO] SUCCESS: Message processed
2025-07-08 16:16:55 [INFO] SUCCESS: Stock price polling
2025-07-08 16:16:55 [INFO] SUCCESS: Message published to Redis
2025-07-08 16:16:55 [INFO] SUCCESS: Email notification stage successful, emails sent=0, emails not sent (price change not within user set threshold or stock not supported by FinnHub API):1
2025-07-08 16:16:55 [INFO] SUCCESS: Message processed
2025-07-08 16:17:54 [INFO] SUCCESS: Stock price polling
2025-07-08 16:17:54 [INFO] SUCCESS: Message published to Redis
2025-07-08 16:17:54 [INFO] SUCCESS: Email notification stage successful, emails sent=0, emails not sent (price change not within user set threshold or stock not supported by FinnHub API):1
2025-07-08 16:17:54 [INFO] SUCCESS: Message processed
