2025-07-08 15:45:59 [ERROR] FAILURE: Failed to cache trending companies data - Do not know how to serialize a BigInt
2025-07-08 15:45:59 [ERROR] FAILURE: Failed to send trending companies data - Do not know how to serialize a BigInt
2025-07-08 15:45:59 [INFO] SUCCESS: Trending companies service started
2025-07-08 15:45:59 [INFO] SUCCESS: Trending companies service started successfully
2025-07-08 15:46:29 [ERROR] FAILURE: Failed to cache trending companies data - Do not know how to serialize a BigInt
2025-07-08 15:46:29 [ERROR] FAILURE: Failed to send trending companies data - Do not know how to serialize a BigInt
2025-07-08 15:46:59 [ERROR] FAILURE: Failed to cache trending companies data - Do not know how to serialize a BigInt
2025-07-08 15:46:59 [ERROR] FAILURE: Failed to send trending companies data - Do not know how to serialize a BigInt
2025-07-08 15:47:29 [ERROR] FAILURE: Failed to cache trending companies data - Do not know how to serialize a BigInt
2025-07-08 15:47:29 [ERROR] FAILURE: Failed to send trending companies data - Do not know how to serialize a BigInt
2025-07-08 15:47:59 [ERROR] FAILURE: Failed to cache trending companies data - Do not know how to serialize a BigInt
2025-07-08 15:47:59 [ERROR] FAILURE: Failed to send trending companies data - Do not know how to serialize a BigInt
2025-07-08 15:48:29 [ERROR] FAILURE: Failed to cache trending companies data - Do not know how to serialize a BigInt
2025-07-08 15:48:29 [ERROR] FAILURE: Failed to send trending companies data - Do not know how to serialize a BigInt
2025-07-08 15:48:59 [ERROR] FAILURE: Failed to cache trending companies data - Do not know how to serialize a BigInt
2025-07-08 15:48:59 [ERROR] FAILURE: Failed to send trending companies data - Do not know how to serialize a BigInt
2025-07-08 15:49:29 [ERROR] FAILURE: Failed to cache trending companies data - Do not know how to serialize a BigInt
2025-07-08 15:49:29 [ERROR] FAILURE: Failed to send trending companies data - Do not know how to serialize a BigInt
2025-07-08 15:49:59 [ERROR] FAILURE: Failed to cache trending companies data - Do not know how to serialize a BigInt
2025-07-08 15:49:59 [ERROR] FAILURE: Failed to send trending companies data - Do not know how to serialize a BigInt
2025-07-08 15:50:29 [ERROR] FAILURE: Failed to cache trending companies data - Do not know how to serialize a BigInt
2025-07-08 15:50:29 [ERROR] FAILURE: Failed to send trending companies data - Do not know how to serialize a BigInt
2025-07-08 15:50:59 [ERROR] FAILURE: Failed to cache trending companies data - Do not know how to serialize a BigInt
2025-07-08 15:50:59 [ERROR] FAILURE: Failed to send trending companies data - Do not know how to serialize a BigInt
2025-07-08 15:51:29 [ERROR] FAILURE: Failed to cache trending companies data - Do not know how to serialize a BigInt
2025-07-08 15:51:29 [ERROR] FAILURE: Failed to send trending companies data - Do not know how to serialize a BigInt
2025-07-08 15:51:59 [ERROR] FAILURE: Failed to cache trending companies data - Do not know how to serialize a BigInt
2025-07-08 15:51:59 [ERROR] FAILURE: Failed to send trending companies data - Do not know how to serialize a BigInt
2025-07-08 15:52:29 [ERROR] FAILURE: Failed to cache trending companies data - Do not know how to serialize a BigInt
2025-07-08 15:52:29 [ERROR] FAILURE: Failed to send trending companies data - Do not know how to serialize a BigInt
2025-07-08 15:52:59 [ERROR] FAILURE: Failed to cache trending companies data - Do not know how to serialize a BigInt
2025-07-08 15:52:59 [ERROR] FAILURE: Failed to send trending companies data - Do not know how to serialize a BigInt
2025-07-08 15:53:29 [ERROR] FAILURE: Failed to cache trending companies data - Do not know how to serialize a BigInt
2025-07-08 15:53:29 [ERROR] FAILURE: Failed to send trending companies data - Do not know how to serialize a BigInt
2025-07-08 15:53:59 [ERROR] FAILURE: Failed to cache trending companies data - Do not know how to serialize a BigInt
2025-07-08 15:53:59 [ERROR] FAILURE: Failed to send trending companies data - Do not know how to serialize a BigInt
2025-07-08 15:54:29 [ERROR] FAILURE: Failed to cache trending companies data - Do not know how to serialize a BigInt
2025-07-08 15:54:29 [ERROR] FAILURE: Failed to send trending companies data - Do not know how to serialize a BigInt
2025-07-08 15:55:13 [ERROR] FAILURE: Failed to cache trending companies data - The client is closed
2025-07-08 15:55:13 [INFO] SUCCESS: Trending companies data sent
2025-07-08 15:55:13 [INFO] SUCCESS: Trending companies service started
2025-07-08 15:55:43 [ERROR] FAILURE: Failed to cache trending companies data - The client is closed
2025-07-08 15:55:43 [INFO] SUCCESS: Trending companies data sent
2025-07-08 15:56:13 [ERROR] FAILURE: Failed to cache trending companies data - The client is closed
2025-07-08 15:56:13 [INFO] SUCCESS: Trending companies data sent
2025-07-08 15:56:43 [ERROR] FAILURE: Failed to cache trending companies data - The client is closed
2025-07-08 15:56:43 [INFO] SUCCESS: Trending companies data sent
2025-07-08 15:57:13 [ERROR] FAILURE: Failed to cache trending companies data - The client is closed
2025-07-08 15:57:13 [INFO] SUCCESS: Trending companies data sent
2025-07-08 15:57:43 [ERROR] FAILURE: Failed to cache trending companies data - The client is closed
2025-07-08 15:57:43 [INFO] SUCCESS: Trending companies data sent
2025-07-08 15:58:13 [ERROR] FAILURE: Failed to cache trending companies data - The client is closed
2025-07-08 15:58:13 [INFO] SUCCESS: Trending companies data sent
2025-07-08 15:58:34 [INFO] SUCCESS: Trending companies data sent
2025-07-08 15:58:34 [INFO] SUCCESS: Trending companies service started
2025-07-08 15:59:04 [INFO] SUCCESS: Trending companies data sent
2025-07-08 15:59:11 [INFO] SUCCESS: Trending companies data sent
2025-07-08 15:59:11 [INFO] SUCCESS: Trending companies service started
2025-07-08 15:59:12 [INFO] SUCCESS: Trending companies data sent
2025-07-08 15:59:13 [INFO] SUCCESS: Trending companies data sent
2025-07-08 15:59:14 [INFO] SUCCESS: Trending companies data sent
2025-07-08 15:59:15 [INFO] SUCCESS: Trending companies data sent
2025-07-08 15:59:16 [INFO] SUCCESS: Trending companies data sent
2025-07-08 15:59:17 [INFO] SUCCESS: Trending companies data sent
2025-07-08 15:59:18 [INFO] SUCCESS: Trending companies data sent
2025-07-08 15:59:19 [INFO] SUCCESS: Trending companies data sent
2025-07-08 15:59:20 [INFO] SUCCESS: Trending companies data sent
2025-07-08 15:59:21 [INFO] SUCCESS: Trending companies data sent
2025-07-08 15:59:22 [INFO] SUCCESS: Trending companies data sent
2025-07-08 15:59:23 [INFO] SUCCESS: Trending companies data sent
2025-07-08 15:59:24 [INFO] SUCCESS: Trending companies data sent
2025-07-08 16:00:26 [INFO] SUCCESS: Trending companies data sent
2025-07-08 16:00:26 [INFO] SUCCESS: Trending companies service started
2025-07-08 16:00:56 [INFO] SUCCESS: Trending companies data sent
2025-07-08 16:01:26 [INFO] SUCCESS: Trending companies data sent
2025-07-08 16:01:56 [INFO] SUCCESS: Trending companies data sent
2025-07-08 16:02:26 [INFO] SUCCESS: Trending companies data sent
2025-07-08 16:02:56 [INFO] SUCCESS: Trending companies data sent
2025-07-08 16:03:26 [INFO] SUCCESS: Trending companies data sent
2025-07-08 16:03:56 [INFO] SUCCESS: Trending companies data sent
2025-07-08 16:04:26 [INFO] SUCCESS: Trending companies data sent
2025-07-08 16:04:56 [INFO] SUCCESS: Trending companies data sent
2025-07-08 16:05:26 [INFO] SUCCESS: Trending companies data sent
2025-07-08 16:05:56 [INFO] SUCCESS: Trending companies data sent
2025-07-08 16:06:26 [INFO] SUCCESS: Trending companies data sent
2025-07-08 16:06:56 [INFO] SUCCESS: Trending companies data sent
2025-07-08 16:07:26 [INFO] SUCCESS: Trending companies data sent
2025-07-08 16:07:56 [INFO] SUCCESS: Trending companies data sent
2025-07-08 16:08:26 [INFO] SUCCESS: Trending companies data sent
2025-07-08 16:08:56 [INFO] SUCCESS: Trending companies data sent
2025-07-08 16:09:26 [INFO] SUCCESS: Trending companies data sent
2025-07-08 16:09:56 [INFO] SUCCESS: Trending companies data sent
2025-07-08 16:10:26 [INFO] SUCCESS: Trending companies data sent
2025-07-08 16:14:26 [INFO] SUCCESS: Trending companies data sent
2025-07-08 16:14:26 [INFO] SUCCESS: Trending companies service started
2025-07-08 16:14:56 [INFO] SUCCESS: Trending companies data sent
2025-07-08 16:15:26 [INFO] SUCCESS: Trending companies data sent
2025-07-08 16:15:54 [INFO] SUCCESS: Trending companies data sent
2025-07-08 16:15:54 [INFO] SUCCESS: Trending companies service started
2025-07-08 16:16:24 [INFO] SUCCESS: Trending companies data sent
2025-07-08 16:16:54 [INFO] SUCCESS: Trending companies data sent
2025-07-08 16:17:24 [INFO] SUCCESS: Trending companies data sent
2025-07-08 16:17:54 [INFO] SUCCESS: Trending companies data sent
